rules: forbidden-term,non-canonical-term,misplaced-test,duplicate-name
exit: 0
src/billing/invoices.py:1:5: warning [non-canonical-term]
src/billing/invoices.py:5:5: warning [non-canonical-term]
src/billing/invoices.py:9:5: warning [forbidden-term]
src/billing/invoices.py:13:7: warning [forbidden-term]
src/billing/invoices.py:21:5: warning [misplaced-test]
src/shipping/parcels.py:9:7: warning [forbidden-term]
src/shipping/parcels.py:9:7: warning [non-canonical-term]
