rules: mutable-artifact-reference,download-execution,plaintext-config-secret,privileged-container,world-writable-permission,public-storage,directory-listing-enabled,wildcard-cors-origin,unrestricted-framing,csrf-protection-disabled,session-expiry-disabled,authentication-lockout-disabled,weak-password-length,legacy-tls-version,untrusted-search-path,default-credential,default-password,cookie-secure-disabled,cookie-httponly-disabled,cookie-samesite-disabled,relaxed-check
exit: 1
.github/workflows/ci.yml:4:7: warning [mutable-artifact-reference]
.github/workflows/ci.yml:7:7: error [download-execution]
.github/workflows/ci.yml:9:7: warning [mutable-artifact-reference]
application.yml:1:1: error [cookie-secure-disabled]
application.yml:2:1: error [cookie-httponly-disabled]
application.yml:3:1: error [cookie-samesite-disabled]
application.yml:7:1: error [default-password]
application.yml:7:1: error [plaintext-config-secret]
application.yml:8:1: error [default-credential]
application.yml:8:1: error [plaintext-config-secret]
application.yml:10:1: error [wildcard-cors-origin]
application.yml:12:1: error [weak-password-length]
application.yml:14:1: error [session-expiry-disabled]
application.yml:16:1: error [csrf-protection-disabled]
application.yml:18:1: error [authentication-lockout-disabled]
Dockerfile:1:1: warning [mutable-artifact-reference]
Dockerfile:4:1: error [plaintext-config-secret]
Dockerfile:6:1: error [world-writable-permission]
Dockerfile:8:1: error [untrusted-search-path]
install.sh:1:1: error [download-execution]
main.tf:2:3: error [public-storage]
nginx.conf:1:1: error [directory-listing-enabled]
nginx.conf:3:1: error [wildcard-cors-origin]
nginx.conf:4:1: error [unrestricted-framing]
nginx.conf:7:1: error [legacy-tls-version]
requirements-prod.txt:1:1: warning [mutable-artifact-reference]
values.yaml:1:1: error [plaintext-config-secret]
values.yaml:5:1: error [privileged-container]
values.yaml:6:1: error [privileged-container]
values.yaml:7:1: error [privileged-container]
values.yaml:8:1: error [privileged-container]
