rules: return-in-finally,identity-comparison,precedence-trap,generic-throw,switch-fallthrough,missing-default,no-effect-statement,tls-verification-disabled,weak-hash,unsafe-deserialization,shell-command,sql-built-from-strings,secret-in-log,wall-clock-duration,unawaited-call,deep-nesting,complex-function
exit: 0
hazards_zig.zig:4:5: warning [weak-hash]
hazards_zig.zig:5:12: warning [wall-clock-duration]
