rules: return-in-finally,identity-comparison,precedence-trap,generic-throw,switch-fallthrough,missing-default,no-effect-statement,tls-verification-disabled,weak-hash,unsafe-deserialization,insecure-temp-file,shell-command,sql-built-from-strings,secret-in-log,wall-clock-duration,unawaited-call,deep-nesting,complex-function
exit: 1
hazards_py.py:15:9: error [unawaited-call]
hazards_py.py:17:9: error [return-in-finally]
hazards_py.py:18:8: error [identity-comparison]
hazards_py.py:20:5: warning [generic-throw]
hazards_py.py:21:5: warning [no-effect-statement]
hazards_py.py:22:24: error [tls-verification-disabled]
hazards_py.py:23:5: warning [missing-default]
hazards_py.py:26:5: warning [weak-hash]
hazards_py.py:27:5: error [unsafe-deserialization]
hazards_py.py:28:5: warning [shell-command]
hazards_py.py:29:20: error [sql-built-from-strings]
hazards_py.py:30:15: warning [wall-clock-duration]
hazards_py.py:31:30: error [secret-in-log]
hazards_py.py:32:5: error [unawaited-call]
hazards_py.py:37:21: warning [deep-nesting]
hazards_py.py:62:5: warning [complex-function]
hazards_py.py:99:5: error [insecure-temp-file]
