rules: recursion,unbounded-loop,long-parameter-list,passthrough-wrapper,swallowed-error,assertion-density,assertion-message,assertion-side-effect,constant-assertion,sleep-in-test,nondeterministic-test,test-double
exit: 1
rules_ts.ts:9:7: error [assertion-density]
rules_ts.ts:10:3: warning [unbounded-loop]
rules_ts.ts:11:3: warning [unbounded-loop]
rules_ts.ts:14:10: error [assertion-density]
rules_ts.ts:21:10: error [assertion-density]
rules_ts.ts:21:10: warning [long-parameter-list]
rules_ts.ts:25:7: error [assertion-density]
rules_ts.ts:25:7: warning [passthrough-wrapper]
rules_ts.ts:27:10: error [assertion-density]
rules_ts.ts:30:5: warning [swallowed-error]
rules_ts.ts:33:10: error [assertion-density]
rules_ts.ts:35:3: warning [assertion-message]
rules_ts.ts:35:3: error [constant-assertion]
rules_ts.ts:36:10: error [assertion-side-effect]
rules_ts.ts:40:9: warning [sleep-in-test]
rules_ts.ts:41:16: warning [nondeterministic-test]
rules_ts.ts:42:16: warning [test-double]
rules_ts.ts:3:10: warning [recursion]
