rules: recursion,unbounded-loop,long-parameter-list,passthrough-wrapper,swallowed-error,assertion-density,assertion-message,assertion-side-effect,constant-assertion,sleep-in-test,nondeterministic-test,test-double
exit: 1
rules_js.js:3:10: warning [recursion]
rules_js.js:9:7: error [assertion-density]
rules_js.js:10:3: warning [unbounded-loop]
rules_js.js:11:3: warning [unbounded-loop]
rules_js.js:14:10: error [assertion-density]
rules_js.js:21:10: error [assertion-density]
rules_js.js:21:10: warning [long-parameter-list]
rules_js.js:25:7: error [assertion-density]
rules_js.js:25:7: warning [passthrough-wrapper]
rules_js.js:27:10: error [assertion-density]
rules_js.js:30:5: warning [swallowed-error]
rules_js.js:33:10: error [assertion-density]
rules_js.js:35:3: warning [assertion-message]
rules_js.js:35:3: error [constant-assertion]
rules_js.js:36:10: error [assertion-side-effect]
rules_js.js:40:9: warning [sleep-in-test]
rules_js.js:41:16: warning [nondeterministic-test]
rules_js.js:42:16: warning [test-double]
