rules: recursion,unbounded-loop,long-parameter-list,passthrough-wrapper,swallowed-error,assertion-density,assertion-message,assertion-side-effect,constant-assertion,sleep-in-test,nondeterministic-test,test-double
exit: 1
rules_rs.rs:10:4: error [assertion-density]
rules_rs.rs:11:5: warning [unbounded-loop]
rules_rs.rs:14:4: error [assertion-density]
rules_rs.rs:18:5: warning [unbounded-loop]
rules_rs.rs:21:4: error [assertion-density]
rules_rs.rs:21:4: warning [long-parameter-list]
rules_rs.rs:25:4: error [assertion-density]
rules_rs.rs:25:4: warning [passthrough-wrapper]
rules_rs.rs:29:4: error [assertion-density]
rules_rs.rs:30:5: warning [swallowed-error]
rules_rs.rs:33:9: warning [swallowed-error]
rules_rs.rs:38:5: warning [assertion-message]
rules_rs.rs:39:5: warning [assertion-message]
rules_rs.rs:43:4: error [assertion-density]
rules_rs.rs:44:5: warning [sleep-in-test]
rules_rs.rs:45:20: warning [nondeterministic-test]
rules_rs.rs:4:4: warning [recursion]
