rules: empty-block,constant-condition,float-equality,discarded-comparison,unreachable-code,generic-catch,debug-leftover,hardcoded-secret
exit: 1
catalogue_rs.rs:1:1: error [hardcoded-secret]
catalogue_rs.rs:5:5: warning [empty-block]
catalogue_rs.rs:6:5: warning [constant-condition]
catalogue_rs.rs:9:5: warning [constant-condition]
catalogue_rs.rs:12:5: error [discarded-comparison]
catalogue_rs.rs:12:5: warning [float-equality]
catalogue_rs.rs:13:5: error [hardcoded-secret]
catalogue_rs.rs:14:5: error [debug-leftover]
catalogue_rs.rs:16:5: warning [unreachable-code]
catalogue_rs.rs:26:16: warning [float-equality]
